// Jest Snapshot v1, https://goo.gl/fbAQLP

exports[`renders <Image /> without throwing 1`] = `
<img
  className="sc-bdVaJa sc-gzVnrw gWAdUb"
  src="https://source.unsplash.com/random/1280x720"
/>
`;
