// Jest Snapshot v1, https://goo.gl/fbAQLP

exports[`renders <Container /> without throwing 1`] = `
<div
  className="sc-bdVaJa sc-bxivhb iPFsIz"
>
   I am a Container
</div>
`;
