// Jest Snapshot v1, https://goo.gl/fbAQLP

exports[`renders <Card /> without throwing 1`] = `
<div
  className="sc-bdVaJa sc-bwzfXH dIZceY"
>
   I am a Card
</div>
`;
