// Jest Snapshot v1, https://goo.gl/fbAQLP

exports[`renders <Flex /> without throwing 1`] = `
<div
  className="sc-bdVaJa sc-bwzfXH gjfIPe"
>
   I am a Flex
</div>
`;
